// Jest Snapshot v1, https://goo.gl/fbAQLP

exports[`HyperwebBuild Schema Methods builds the fixture project successfully for public-methods 1`] = `
{
  "methods": [
    {
      "functionName": "increment",
      "parameters": [],
      "returnType": {
        "type": "any",
      },
    },
    {
      "functionName": "addToken",
      "parameters": [
        {
          "name": "denom",
          "type": {
            "type": "string",
          },
        },
        {
          "name": "amount",
          "type": {
            "type": "string",
          },
        },
      ],
      "returnType": {
        "type": "any",
      },
    },
    {
      "functionName": "removeToken",
      "parameters": [
        {
          "name": "index",
          "type": {
            "type": "number",
          },
        },
      ],
      "returnType": {
        "type": "any",
      },
    },
  ],
  "state": {
    "properties": {
      "count": {
        "type": "number",
      },
      "startCoin": {
        "properties": {
          "amount": {
            "type": "string",
          },
          "denom": {
            "type": "string",
          },
        },
        "type": "object",
      },
      "tokens": {
        "items": {
          "properties": {
            "amount": {
              "type": "string",
            },
            "denom": {
              "type": "string",
            },
          },
          "type": "object",
        },
        "type": "array",
      },
    },
    "type": "object",
  },
}
`;
